---
source: crates/move-package-alt/tests/parsing_tests.rs
---
Manifest { package: PackageMetadata { name: Spanned { span: 17..26, value: "example" }, edition: Spanned { span: 37..48, value: "2024.beta" }, metadata: () }, environments: {"mainnet": "35834a8a"}, dependencies: {"mock": ManifestDependency { dependency_info: External(ExternalDependency { resolver: "mock-resolver", data: Table({"resolved": Table({"local": String(".")})}) }), is_override: false, rename_from: None }}, dep_overrides: {} }
